
======================== Lots of lines were removed. ========================


 MODULE QUICKSTEP:  ATOMIC COORDINATES IN angstrom

  Atom  Kind  Element       X           Y           Z          Z(eff)       Mass

       1     1 C    6    0.710461    1.230555    9.000000      4.00      12.0107
       2     1 C    6    1.417784   -0.001049    9.003377      4.00      12.0107
       3     1 C    6    2.839748   -0.002082    9.049996      4.00      12.0107
       4     1 C    6    3.550190   -1.234651    9.016030      4.00      12.0107
       5     1 C    6    4.970230   -1.231807    8.999948      4.00      12.0107
       6     1 C    6    5.683500   -2.458266    8.980116      4.00      12.0107
       7     1 C    6    7.104293   -2.458514    8.977224      4.00      12.0107
       8     1 C    6    7.816058   -3.686987    8.987433      4.00      12.0107
       9     1 C    6    9.235993   -3.691664    9.000000      4.00      12.0107
      10     1 C    6    9.945798   -4.921858    8.980038      4.00      12.0107
      11     1 C    6    0.706769    3.692541    9.070745      4.00      12.0107
      12     1 C    6    1.413605    2.459101    9.065806      4.00      12.0107
      13     1 C    6    2.829485    2.450128    9.200959      4.00      12.0107
      14     1 C    6    3.544261    1.218431    9.159882      4.00      12.0107
      15     1 C    6    4.968357    1.214973    9.192066      4.00      12.0107
      16     1 C    6    5.682781   -0.006886    9.050860      4.00      12.0107
      17     1 C    6    7.104616   -0.001469    9.047673      4.00      12.0107
      18     1 C    6    7.814931   -1.229557    8.999043      4.00      12.0107
      19     1 C    6    9.235854   -1.229275    9.018064      4.00      12.0107
      20     1 C    6    9.945146   -2.460741    9.019283      4.00      12.0107
      21     1 C    6    0.707133    6.156857    9.095892      4.00      12.0107
      22     1 C    6    1.412138    4.926784    9.138530      4.00      12.0107
      23     1 C    6    2.822849    4.925460    9.306986      4.00      12.0107
      24     1 C    6    7.114812    2.447442    9.283260      4.00      12.0107
      25     1 C    6    7.820809    1.226327    9.114363      4.00      12.0107
      26     1 C    6    9.238805    1.230455    9.078494      4.00      12.0107
      27     1 C    6    9.945495   -0.000004    9.047634      4.00      12.0107
      28     1 C    6    0.710365    8.616786    9.070384      4.00      12.0107
      29     1 C    6    1.418202    7.385848    9.117872      4.00      12.0107
      30     1 C    6    2.839501    7.385367    9.179740      4.00      12.0107
      31     1 C    6    3.544033    6.162184    9.325779      4.00      12.0107
      32     1 C    6    4.976539    6.190783    9.305807      4.00      12.0107
      33     1 C    6    7.131128    4.944185    9.287294      4.00      12.0107
      34     1 C    6    7.824559    3.690308    9.296635      4.00      12.0107
      35     1 C    6    9.235909    3.691758    9.144812      4.00      12.0107
      36     1 C    6    9.947168    2.460784    9.097143      4.00      12.0107
      37     1 C    6    0.710461   11.074991    9.000000      4.00      12.0107
      38     1 C    6    1.418525    9.843928    9.036077      4.00      12.0107
      39     1 C    6    2.838574    9.843186    9.029913      4.00      12.0107
      40     1 C    6    3.549186    8.616482    9.080558      4.00      12.0107
      41     1 C    6    4.970041    8.622992    9.030316      4.00      12.0107
      42     1 C    6    5.684204    7.402569    9.084798      4.00      12.0107
      43     1 C    6    7.105514    7.390941    9.033665      4.00      12.0107
      44     1 C    6    7.824034    6.163855    9.066788      4.00      12.0107
      45     1 C    6    9.235993    6.152772    9.000000      4.00      12.0107
      46     1 C    6    9.946788    4.921644    9.041170      4.00      12.0107
      47     1 C    6    3.481958    3.679765    9.394951      4.00      12.0107
      48     1 C    6    5.707318    2.395143    9.381802      4.00      12.0107
      49     1 C    6    5.754770    5.047176    9.501899      4.00      12.0107
      50     2 S   16    5.001245    3.733065   10.305541      6.00      32.0650
      51     3 H    1    6.003439    3.530372   11.319434      1.00       1.0079
      52     3 H    1    4.333995    4.495563   11.328475      1.00       1.0079



======================== Lots of lines were removed. ========================

 ENERGY| Total FORCE_EVAL ( QS ) energy (a.u.):             -290.409097595743333


 ATOMIC FORCES in [a.u.]

 # Atom   Kind   Element          X              Y              Z
      1      1      C           0.00000000     0.00000000     0.00000000
      2      1      C           0.00000000     0.00000000     0.00000000
      3      1      C           0.00000000     0.00000000     0.00000000
      4      1      C           0.00000000     0.00000000     0.00000000
      5      1      C           0.00000000     0.00000000     0.00000000
      6      1      C           0.00000000     0.00000000     0.00000000
      7      1      C           0.00000000     0.00000000     0.00000000
      8      1      C           0.00000000     0.00000000     0.00000000
      9      1      C           0.00000000     0.00000000     0.00000000
     10      1      C           0.00000000     0.00000000     0.00000000
     11      1      C           0.00000000     0.00000000     0.00000000
     12      1      C           0.00000000     0.00000000     0.00000000
     13      1      C           0.00000000     0.00000000     0.00000000
     14      1      C           0.00000000     0.00000000     0.00000000
     15      1      C           0.00000000     0.00000000     0.00000000
     16      1      C           0.00000000     0.00000000     0.00000000
     17      1      C           0.00000000     0.00000000     0.00000000
     18      1      C           0.00000000     0.00000000     0.00000000
     19      1      C           0.00000000     0.00000000     0.00000000
     20      1      C           0.00000000     0.00000000     0.00000000
     21      1      C           0.00000000     0.00000000     0.00000000
     22      1      C           0.00000000     0.00000000     0.00000000
     23      1      C           0.00000000     0.00000000     0.00000000
     24      1      C           0.00000000     0.00000000     0.00000000
     25      1      C           0.00000000     0.00000000     0.00000000
     26      1      C           0.00000000     0.00000000     0.00000000
     27      1      C           0.00000000     0.00000000     0.00000000
     28      1      C           0.00000000     0.00000000     0.00000000
     29      1      C           0.00000000     0.00000000     0.00000000
     30      1      C           0.00000000     0.00000000     0.00000000
     31      1      C           0.00000000     0.00000000     0.00000000
     32      1      C           0.00000000     0.00000000     0.00000000
     33      1      C           0.00000000     0.00000000     0.00000000
     34      1      C           0.00000000     0.00000000     0.00000000
     35      1      C           0.00000000     0.00000000     0.00000000
     36      1      C           0.00000000     0.00000000     0.00000000
     37      1      C           0.00000000     0.00000000     0.00000000
     38      1      C           0.00000000     0.00000000     0.00000000
     39      1      C           0.00000000     0.00000000     0.00000000
     40      1      C           0.00000000     0.00000000     0.00000000
     41      1      C           0.00000000     0.00000000     0.00000000
     42      1      C           0.00000000     0.00000000     0.00000000
     43      1      C           0.00000000     0.00000000     0.00000000
     44      1      C           0.00000000     0.00000000     0.00000000
     45      1      C           0.00000000     0.00000000     0.00000000
     46      1      C           0.00000000     0.00000000     0.00000000
     47      1      C           0.00000040     0.00000012     0.00000020
     48      1      C          -0.00000020    -0.00000041    -0.00000031
     49      1      C          -0.00000063    -0.00000000     0.00000043
     50      2      S          -0.00000099     0.00000022    -0.00000080
     51      3      H           0.00000015     0.00000035     0.00000003
     52      3      H          -0.00000044     0.00000021     0.00000033
 SUM OF ATOMIC FORCES          -0.00000171     0.00000049    -0.00000011     0.00000178


======================== Lots of lines were removed. ========================
